// Jest Snapshot v1, https://goo.gl/fbAQLP

exports[`PreLoading renders correctly 1`] = `
<Provider
  store={
    Object {
      "clearActions": [Function],
      "dispatch": [Function],
      "getActions": [Function],
      "getState": [Function],
      "replaceReducer": [Function],
      "subscribe": [Function],
    }
  }
>
  <Memo(PreLoading)>
    <Styled(MuiBox)
      className="makeStyles-root-1"
    >
      <div
        className="MuiBox-root MuiBox-root-6 makeStyles-root-1"
      >
        <img
          alt=""
          className="makeStyles-img-2"
          src="instant_proposal_loading.gif"
        />
        <WithStyles(ForwardRef(Typography))
          className="makeStyles-loadingSubtitle-3"
          gutterBottom={true}
          variant="overline"
        >
          <ForwardRef(Typography)
            className="makeStyles-loadingSubtitle-3"
            classes={
              Object {
                "alignCenter": "MuiTypography-alignCenter",
                "alignJustify": "MuiTypography-alignJustify",
                "alignLeft": "MuiTypography-alignLeft",
                "alignRight": "MuiTypography-alignRight",
                "body1": "MuiTypography-body1",
                "body2": "MuiTypography-body2",
                "button": "MuiTypography-button",
                "caption": "MuiTypography-caption",
                "colorError": "MuiTypography-colorError",
                "colorInherit": "MuiTypography-colorInherit",
                "colorPrimary": "MuiTypography-colorPrimary",
                "colorSecondary": "MuiTypography-colorSecondary",
                "colorTextPrimary": "MuiTypography-colorTextPrimary",
                "colorTextSecondary": "MuiTypography-colorTextSecondary",
                "displayBlock": "MuiTypography-displayBlock",
                "displayInline": "MuiTypography-displayInline",
                "gutterBottom": "MuiTypography-gutterBottom",
                "h1": "MuiTypography-h1",
                "h2": "MuiTypography-h2",
                "h3": "MuiTypography-h3",
                "h4": "MuiTypography-h4",
                "h5": "MuiTypography-h5",
                "h6": "MuiTypography-h6",
                "noWrap": "MuiTypography-noWrap",
                "overline": "MuiTypography-overline",
                "paragraph": "MuiTypography-paragraph",
                "root": "MuiTypography-root",
                "srOnly": "MuiTypography-srOnly",
                "subtitle1": "MuiTypography-subtitle1",
                "subtitle2": "MuiTypography-subtitle2",
              }
            }
            gutterBottom={true}
            variant="overline"
          >
            <span
              className="MuiTypography-root makeStyles-loadingSubtitle-3 MuiTypography-overline MuiTypography-gutterBottom"
            >
              LOADING INSTANT DESIGN...
            </span>
          </ForwardRef(Typography)>
        </WithStyles(ForwardRef(Typography))>
        <WithStyles(ForwardRef(Typography))
          className="makeStyles-cancelButton-4"
          onClick={[Function]}
          variant="overline"
        >
          <ForwardRef(Typography)
            className="makeStyles-cancelButton-4"
            classes={
              Object {
                "alignCenter": "MuiTypography-alignCenter",
                "alignJustify": "MuiTypography-alignJustify",
                "alignLeft": "MuiTypography-alignLeft",
                "alignRight": "MuiTypography-alignRight",
                "body1": "MuiTypography-body1",
                "body2": "MuiTypography-body2",
                "button": "MuiTypography-button",
                "caption": "MuiTypography-caption",
                "colorError": "MuiTypography-colorError",
                "colorInherit": "MuiTypography-colorInherit",
                "colorPrimary": "MuiTypography-colorPrimary",
                "colorSecondary": "MuiTypography-colorSecondary",
                "colorTextPrimary": "MuiTypography-colorTextPrimary",
                "colorTextSecondary": "MuiTypography-colorTextSecondary",
                "displayBlock": "MuiTypography-displayBlock",
                "displayInline": "MuiTypography-displayInline",
                "gutterBottom": "MuiTypography-gutterBottom",
                "h1": "MuiTypography-h1",
                "h2": "MuiTypography-h2",
                "h3": "MuiTypography-h3",
                "h4": "MuiTypography-h4",
                "h5": "MuiTypography-h5",
                "h6": "MuiTypography-h6",
                "noWrap": "MuiTypography-noWrap",
                "overline": "MuiTypography-overline",
                "paragraph": "MuiTypography-paragraph",
                "root": "MuiTypography-root",
                "srOnly": "MuiTypography-srOnly",
                "subtitle1": "MuiTypography-subtitle1",
                "subtitle2": "MuiTypography-subtitle2",
              }
            }
            onClick={[Function]}
            variant="overline"
          >
            <span
              className="MuiTypography-root makeStyles-cancelButton-4 MuiTypography-overline"
              onClick={[Function]}
            >
              CANCEL
            </span>
          </ForwardRef(Typography)>
        </WithStyles(ForwardRef(Typography))>
      </div>
    </Styled(MuiBox)>
  </Memo(PreLoading)>
</Provider>
`;
