// Jest Snapshot v1, https://goo.gl/fbAQLP

exports[`DeleteObjectButton renders correctly 1`] = `
<Memo(DeleteObjectButton)
  disabled={false}
  onDelete={[Function]}
>
  <WithStyles(ForwardRef(Button))
    className="makeStyles-deleteButton-1"
    disabled={false}
    fullWidth={true}
    onClick={[Function]}
    size="small"
    startIcon={<UNDEFINED />}
    variant="outlined"
  >
    <ForwardRef(Button)
      className="makeStyles-deleteButton-1"
      classes={
        Object {
          "colorInherit": "MuiButton-colorInherit",
          "contained": "MuiButton-contained",
          "containedPrimary": "MuiButton-containedPrimary",
          "containedSecondary": "MuiButton-containedSecondary",
          "containedSizeLarge": "MuiButton-containedSizeLarge",
          "containedSizeSmall": "MuiButton-containedSizeSmall",
          "disableElevation": "MuiButton-disableElevation",
          "disabled": "Mui-disabled",
          "endIcon": "MuiButton-endIcon",
          "focusVisible": "Mui-focusVisible",
          "fullWidth": "MuiButton-fullWidth",
          "iconSizeLarge": "MuiButton-iconSizeLarge",
          "iconSizeMedium": "MuiButton-iconSizeMedium",
          "iconSizeSmall": "MuiButton-iconSizeSmall",
          "label": "MuiButton-label",
          "outlined": "MuiButton-outlined",
          "outlinedPrimary": "MuiButton-outlinedPrimary",
          "outlinedSecondary": "MuiButton-outlinedSecondary",
          "outlinedSizeLarge": "MuiButton-outlinedSizeLarge",
          "outlinedSizeSmall": "MuiButton-outlinedSizeSmall",
          "root": "MuiButton-root",
          "sizeLarge": "MuiButton-sizeLarge",
          "sizeSmall": "MuiButton-sizeSmall",
          "startIcon": "MuiButton-startIcon",
          "text": "MuiButton-text",
          "textPrimary": "MuiButton-textPrimary",
          "textSecondary": "MuiButton-textSecondary",
          "textSizeLarge": "MuiButton-textSizeLarge",
          "textSizeSmall": "MuiButton-textSizeSmall",
        }
      }
      disabled={false}
      fullWidth={true}
      onClick={[Function]}
      size="small"
      startIcon={<UNDEFINED />}
      variant="outlined"
    >
      <WithStyles(ForwardRef(ButtonBase))
        className="MuiButton-root MuiButton-outlined makeStyles-deleteButton-1 MuiButton-outlinedSizeSmall MuiButton-sizeSmall MuiButton-fullWidth"
        component="button"
        disabled={false}
        focusRipple={true}
        focusVisibleClassName="Mui-focusVisible"
        onClick={[Function]}
        type="button"
      >
        <ForwardRef(ButtonBase)
          className="MuiButton-root MuiButton-outlined makeStyles-deleteButton-1 MuiButton-outlinedSizeSmall MuiButton-sizeSmall MuiButton-fullWidth"
          classes={
            Object {
              "disabled": "Mui-disabled",
              "focusVisible": "Mui-focusVisible",
              "root": "MuiButtonBase-root",
            }
          }
          component="button"
          disabled={false}
          focusRipple={true}
          focusVisibleClassName="Mui-focusVisible"
          onClick={[Function]}
          type="button"
        >
          <button
            className="MuiButtonBase-root MuiButton-root MuiButton-outlined makeStyles-deleteButton-1 MuiButton-outlinedSizeSmall MuiButton-sizeSmall MuiButton-fullWidth"
            disabled={false}
            onBlur={[Function]}
            onClick={[Function]}
            onDragLeave={[Function]}
            onFocus={[Function]}
            onKeyDown={[Function]}
            onKeyUp={[Function]}
            onMouseDown={[Function]}
            onMouseLeave={[Function]}
            onMouseUp={[Function]}
            onTouchEnd={[Function]}
            onTouchMove={[Function]}
            onTouchStart={[Function]}
            tabIndex={0}
            type="button"
          >
            <span
              className="MuiButton-label"
            >
              <span
                className="MuiButton-startIcon MuiButton-iconSizeSmall"
              >
                <ForwardRef>
                  <WithStyles(ForwardRef(SvgIcon))>
                    <ForwardRef(SvgIcon)
                      classes={
                        Object {
                          "colorAction": "MuiSvgIcon-colorAction",
                          "colorDisabled": "MuiSvgIcon-colorDisabled",
                          "colorError": "MuiSvgIcon-colorError",
                          "colorPrimary": "MuiSvgIcon-colorPrimary",
                          "colorSecondary": "MuiSvgIcon-colorSecondary",
                          "fontSizeInherit": "MuiSvgIcon-fontSizeInherit",
                          "fontSizeLarge": "MuiSvgIcon-fontSizeLarge",
                          "fontSizeSmall": "MuiSvgIcon-fontSizeSmall",
                          "root": "MuiSvgIcon-root",
                        }
                      }
                    >
                      <svg
                        aria-hidden="true"
                        className="MuiSvgIcon-root"
                        focusable="false"
                        role="presentation"
                        viewBox="0 0 24 24"
                      >
                        <path
                          d="M6 19c0 1.1.9 2 2 2h8c1.1 0 2-.9 2-2V7H6v12zM19 4h-3.5l-1-1h-5l-1 1H5v2h14V4z"
                        />
                      </svg>
                    </ForwardRef(SvgIcon)>
                  </WithStyles(ForwardRef(SvgIcon))>
                </ForwardRef>
              </span>
              Delete Object
            </span>
            <NoSsr>
              <WithStyles(undefined)
                center={false}
              >
                <ForwardRef(TouchRipple)
                  center={false}
                  classes={
                    Object {
                      "child": "MuiTouchRipple-child",
                      "childLeaving": "MuiTouchRipple-childLeaving",
                      "childPulsate": "MuiTouchRipple-childPulsate",
                      "ripple": "MuiTouchRipple-ripple",
                      "ripplePulsate": "MuiTouchRipple-ripplePulsate",
                      "rippleVisible": "MuiTouchRipple-rippleVisible",
                      "root": "MuiTouchRipple-root",
                    }
                  }
                >
                  <span
                    className="MuiTouchRipple-root"
                  >
                    <TransitionGroup
                      childFactory={[Function]}
                      component={null}
                      exit={true}
                    />
                  </span>
                </ForwardRef(TouchRipple)>
              </WithStyles(undefined)>
            </NoSsr>
          </button>
        </ForwardRef(ButtonBase)>
      </WithStyles(ForwardRef(ButtonBase))>
    </ForwardRef(Button)>
  </WithStyles(ForwardRef(Button))>
</Memo(DeleteObjectButton)>
`;
