// Jest Snapshot v1, https://goo.gl/fbAQLP

exports[`RotationArrowIconButton renders correctly 1`] = `
<ForwardRef>
  <Stage
    forwardedRef={null}
  >
    <div />
  </Stage>
</ForwardRef>
`;
