// Jest Snapshot v1, https://goo.gl/fbAQLP

exports[`NewDraggablePoint renders correctly 1`] = `
<Provider
  store={
    Object {
      "clearActions": [Function],
      "dispatch": [Function],
      "getActions": [Function],
      "getState": [Function],
      "replaceReducer": [Function],
      "subscribe": [Function],
    }
  }
>
  <ForwardRef>
    <Stage
      forwardedRef={null}
    >
      <div />
    </Stage>
  </ForwardRef>
</Provider>
`;
